<html>
<body>
<pre>
<h1>µVision Build Log</h1>
<h2>Tool Versions:</h2>
IDE-Version: µVision V5.16a
Copyright (C) 2015 ARM Ltd and ARM Germany GmbH. All rights reserved.
License Information: Alejandro Alvarado, Universidad Galileo, LIC=----
 
Tool Versions:
Toolchain:       MDK-Lite  Version: 5.16a
Toolchain Path:  C:\Keil_v5\ARM\ARMCC\Bin
C Compiler:      Armcc.exe V5.06 (build 20)
Assembler:       Armasm.exe V5.06 (build 20)
Linker/Locator:  ArmLink.exe V5.06 (build 20)
Library Manager: ArmAr.exe V5.06 (build 20)
Hex Converter:   FromElf.exe V5.06 (build 20)
CPU DLL:         SARMCM3.DLL V5.16a
Dialog DLL:      DARMCM1.DLL V1.12.0.0
Target DLL:      CMSIS_AGDI.dll V1.21.20.0
Dialog DLL:      TARMCM1.DLL V1.9.0.0
 
<h2>Project:</h2>
\\vmware-host\Shared Folders\Descargas\template\Lab4\JoystickRGB\JoystickRGB\Template.uvproj
Project File Date:  11/06/2015

<h2>Output:</h2>
*** Using Compiler 'V5.06 (build 20)', folder: 'C:\Keil_v5\ARM\ARMCC\Bin'
Rebuild target 'JoystickRGB'
assembling startup_LPC11xx.s...
compiling system_LPC11xx.c...
compiling main.c...
src\main.c(95): warning:  #177-D: variable "play" was declared but never referenced
        int play = 0;
src\main.c(37): warning:  #177-D: variable "sharp_tones" was declared but never referenced
  static const double sharp_tones[] = {TONE_C1_SHARP, TONE_D1_SHARP, TONE_E1_SHARP, TONE_F1_SHARP, TONE_G1_SHARP, TONE_A1_SHARP, TONE_B1_SHARP};
src\main.c: 2 warnings, 0 errors
linking...
Program Size: Code=3760 RO-data=336 RW-data=4 ZI-data=612  
FromELF: creating hex file...
".\Template.axf" - 0 Error(s), 2 Warning(s).
Build Time Elapsed:  00:00:01
</pre>
</body>
</html>
